// Jest Snapshot v1, https://goo.gl/fbAQLP

exports[`AppList snapshot test 1`] = `[Function]`;
