// Jest Snapshot v1, https://goo.gl/fbAQLP

exports[`bookmarks.tsx Tests BookmarkGroup rendering 1`] = `[Function]`;

exports[`bookmarks.tsx Tests BookmarkList rendering with props 1`] = `[Function]`;

exports[`bookmarks.tsx Tests BookmarkList rendering without props 1`] = `[Function]`;
