// Jest Snapshot v1, https://goo.gl/fbAQLP

exports[`Tests Button 1`] = `[Function]`;

exports[`Tests Headline 1`] = `[Function]`;

exports[`Tests Lists 1`] = `[Function]`;

exports[`Tests SubHeadline 1`] = `[Function]`;
